Archive member included because of file (symbol)

e:/softwares/eclipse/new folder/bin/../lib/gcc/avr/4.3.2/avr5\libgcc.a(_udivmodsi4.o)
                              ./HAL/ultrasonic/ultrasonic.o (__udivmodsi4)
e:/softwares/eclipse/new folder/bin/../lib/gcc/avr/4.3.2/avr5\libgcc.a(_exit.o)
                              e:/softwares/eclipse/new folder/bin/../lib/gcc/avr/4.3.2/../../../../avr/lib/avr5/crtm32.o (exit)
e:/softwares/eclipse/new folder/bin/../lib/gcc/avr/4.3.2/avr5\libgcc.a(_copy_data.o)
                              ./MCAL/Dio/Dio_config.o (__do_copy_data)
e:/softwares/eclipse/new folder/bin/../lib/gcc/avr/4.3.2/avr5\libgcc.a(_clear_bss.o)
                              ./HAL/ultrasonic/ultrasonic.o (__do_clear_bss)
e:/softwares/eclipse/new folder/bin/../lib/gcc/avr/4.3.2/avr5\libgcc.a(_fixunssfsi.o)
                              ./HAL/ultrasonic/ultrasonic.o (__fixunssfsi)
e:/softwares/eclipse/new folder/bin/../lib/gcc/avr/4.3.2/avr5\libgcc.a(_addsub_sf.o)
                              e:/softwares/eclipse/new folder/bin/../lib/gcc/avr/4.3.2/avr5\libgcc.a(_fixunssfsi.o) (__subsf3)
e:/softwares/eclipse/new folder/bin/../lib/gcc/avr/4.3.2/avr5\libgcc.a(_mul_sf.o)
                              ./HAL/ultrasonic/ultrasonic.o (__mulsf3)
e:/softwares/eclipse/new folder/bin/../lib/gcc/avr/4.3.2/avr5\libgcc.a(_div_sf.o)
                              ./HAL/ultrasonic/ultrasonic.o (__divsf3)
e:/softwares/eclipse/new folder/bin/../lib/gcc/avr/4.3.2/avr5\libgcc.a(_gt_sf.o)
                              ./HAL/ultrasonic/ultrasonic.o (__gtsf2)
e:/softwares/eclipse/new folder/bin/../lib/gcc/avr/4.3.2/avr5\libgcc.a(_ge_sf.o)
                              e:/softwares/eclipse/new folder/bin/../lib/gcc/avr/4.3.2/avr5\libgcc.a(_fixunssfsi.o) (__gesf2)
e:/softwares/eclipse/new folder/bin/../lib/gcc/avr/4.3.2/avr5\libgcc.a(_lt_sf.o)
                              ./HAL/ultrasonic/ultrasonic.o (__ltsf2)
e:/softwares/eclipse/new folder/bin/../lib/gcc/avr/4.3.2/avr5\libgcc.a(_si_to_sf.o)
                              ./HAL/SERVO/SERVO.o (__floatsisf)
e:/softwares/eclipse/new folder/bin/../lib/gcc/avr/4.3.2/avr5\libgcc.a(_sf_to_si.o)
                              ./HAL/SERVO/SERVO.o (__fixsfsi)
e:/softwares/eclipse/new folder/bin/../lib/gcc/avr/4.3.2/avr5\libgcc.a(_thenan_sf.o)
                              e:/softwares/eclipse/new folder/bin/../lib/gcc/avr/4.3.2/avr5\libgcc.a(_addsub_sf.o) (__thenan_sf)
e:/softwares/eclipse/new folder/bin/../lib/gcc/avr/4.3.2/avr5\libgcc.a(_prologue.o)
                              e:/softwares/eclipse/new folder/bin/../lib/gcc/avr/4.3.2/avr5\libgcc.a(_addsub_sf.o) (__prologue_saves__)
e:/softwares/eclipse/new folder/bin/../lib/gcc/avr/4.3.2/avr5\libgcc.a(_epilogue.o)
                              e:/softwares/eclipse/new folder/bin/../lib/gcc/avr/4.3.2/avr5\libgcc.a(_addsub_sf.o) (__epilogue_restores__)
e:/softwares/eclipse/new folder/bin/../lib/gcc/avr/4.3.2/avr5\libgcc.a(_clzsi2.o)
                              e:/softwares/eclipse/new folder/bin/../lib/gcc/avr/4.3.2/avr5\libgcc.a(_si_to_sf.o) (__clzsi2)
e:/softwares/eclipse/new folder/bin/../lib/gcc/avr/4.3.2/avr5\libgcc.a(_pack_sf.o)
                              e:/softwares/eclipse/new folder/bin/../lib/gcc/avr/4.3.2/avr5\libgcc.a(_addsub_sf.o) (__pack_f)
e:/softwares/eclipse/new folder/bin/../lib/gcc/avr/4.3.2/avr5\libgcc.a(_unpack_sf.o)
                              e:/softwares/eclipse/new folder/bin/../lib/gcc/avr/4.3.2/avr5\libgcc.a(_addsub_sf.o) (__unpack_f)
e:/softwares/eclipse/new folder/bin/../lib/gcc/avr/4.3.2/avr5\libgcc.a(_fpcmp_parts_sf.o)
                              e:/softwares/eclipse/new folder/bin/../lib/gcc/avr/4.3.2/avr5\libgcc.a(_gt_sf.o) (__fpcmp_parts_f)
e:/softwares/eclipse/new folder/bin/../lib/gcc/avr/4.3.2/avr5\libgcc.a(_clz.o)
                              e:/softwares/eclipse/new folder/bin/../lib/gcc/avr/4.3.2/avr5\libgcc.a(_clzsi2.o) (__clz_tab)
e:/softwares/eclipse/new folder/bin/../lib/gcc/avr/4.3.2/../../../../avr/lib/avr5\libc.a(memcpy.o)
                              ./HAL/ultrasonic/ultrasonic.o (memcpy)
e:/softwares/eclipse/new folder/bin/../lib/gcc/avr/4.3.2/../../../../avr/lib/avr5\libc.a(strlen.o)
                              ./HAL/ultrasonic/ultrasonic.o (strlen)
e:/softwares/eclipse/new folder/bin/../lib/gcc/avr/4.3.2/../../../../avr/lib/avr5\libc.a(itoa.o)
                              ./HAL/ultrasonic/ultrasonic.o (itoa)
e:/softwares/eclipse/new folder/bin/../lib/gcc/avr/4.3.2/../../../../avr/lib/avr5\libc.a(strrev.o)
                              e:/softwares/eclipse/new folder/bin/../lib/gcc/avr/4.3.2/../../../../avr/lib/avr5\libc.a(itoa.o) (strrev)
e:/softwares/eclipse/new folder/bin/../lib/gcc/avr/4.3.2/avr5\libgcc.a(_udivmodhi4.o)
                              e:/softwares/eclipse/new folder/bin/../lib/gcc/avr/4.3.2/../../../../avr/lib/avr5\libc.a(itoa.o) (__udivmodhi4)

Allocating common symbols
Common symbol       size              file

distance            0x2               ./HAL/ultrasonic/ultrasonic.o
distance_str        0xa               ./HAL/ultrasonic/ultrasonic.o

Memory Configuration

Name             Origin             Length             Attributes
text             0x00000000         0x00020000         xr
data             0x00800060         0x0000ffa0         rw !x
eeprom           0x00810000         0x00010000         rw !x
fuse             0x00820000         0x00000400         rw !x
lock             0x00830000         0x00000400         rw !x
signature        0x00840000         0x00000400         rw !x
*default*        0x00000000         0xffffffff

Linker script and memory map

LOAD e:/softwares/eclipse/new folder/bin/../lib/gcc/avr/4.3.2/../../../../avr/lib/avr5/crtm32.o
LOAD ./MCAL/timer/timer.o
LOAD ./MCAL/Dio/Dio.o
LOAD ./MCAL/Dio/Dio_config.o
LOAD ./HAL/ultrasonic/ultrasonic.o
LOAD ./HAL/SERVO/SERVO.o
LOAD ./HAL/LCD/LCD.o
LOAD ./HAL/DC/DC.o
LOAD ./main.o
LOAD e:/softwares/eclipse/new folder/bin/../lib/gcc/avr/4.3.2/avr5\libgcc.a
LOAD e:/softwares/eclipse/new folder/bin/../lib/gcc/avr/4.3.2/../../../../avr/lib/avr5\libc.a
LOAD e:/softwares/eclipse/new folder/bin/../lib/gcc/avr/4.3.2/avr5\libgcc.a

.hash
 *(.hash)

.dynsym
 *(.dynsym)

.dynstr
 *(.dynstr)

.gnu.version
 *(.gnu.version)

.gnu.version_d
 *(.gnu.version_d)

.gnu.version_r
 *(.gnu.version_r)

.rel.init
 *(.rel.init)

.rela.init
 *(.rela.init)

.rel.text
 *(.rel.text)
 *(.rel.text.*)
 *(.rel.gnu.linkonce.t*)

.rela.text
 *(.rela.text)
 *(.rela.text.*)
 *(.rela.gnu.linkonce.t*)

.rel.fini
 *(.rel.fini)

.rela.fini
 *(.rela.fini)

.rel.rodata
 *(.rel.rodata)
 *(.rel.rodata.*)
 *(.rel.gnu.linkonce.r*)

.rela.rodata
 *(.rela.rodata)
 *(.rela.rodata.*)
 *(.rela.gnu.linkonce.r*)

.rel.data
 *(.rel.data)
 *(.rel.data.*)
 *(.rel.gnu.linkonce.d*)

.rela.data
 *(.rela.data)
 *(.rela.data.*)
 *(.rela.gnu.linkonce.d*)

.rel.ctors
 *(.rel.ctors)

.rela.ctors
 *(.rela.ctors)

.rel.dtors
 *(.rel.dtors)

.rela.dtors
 *(.rela.dtors)

.rel.got
 *(.rel.got)

.rela.got
 *(.rela.got)

.rel.bss
 *(.rel.bss)

.rela.bss
 *(.rela.bss)

.rel.plt
 *(.rel.plt)

.rela.plt
 *(.rela.plt)

.text           0x00000000     0x4080
 *(.vectors)
 .vectors       0x00000000       0x54 e:/softwares/eclipse/new folder/bin/../lib/gcc/avr/4.3.2/../../../../avr/lib/avr5/crtm32.o
                0x00000000                __vectors
                0x00000000                __vector_default
 *(.vectors)
 *(.progmem.gcc*)
 *(.progmem*)
                0x00000054                . = ALIGN (0x2)
                0x00000054                __trampolines_start = .
 *(.trampolines)
 .trampolines   0x00000054        0x0 linker stubs
 *(.trampolines*)
                0x00000054                __trampolines_end = .
 *(.jumptables)
 *(.jumptables*)
 *(.lowtext)
 *(.lowtext*)
                0x00000054                __ctors_start = .
 *(.ctors)
                0x00000054                __ctors_end = .
                0x00000054                __dtors_start = .
 *(.dtors)
                0x00000054                __dtors_end = .
 SORT(*)(.ctors)
 SORT(*)(.dtors)
 *(.init0)
 .init0         0x00000054        0x0 e:/softwares/eclipse/new folder/bin/../lib/gcc/avr/4.3.2/../../../../avr/lib/avr5/crtm32.o
                0x00000054                __init
 *(.init0)
 *(.init1)
 *(.init1)
 *(.init2)
 .init2         0x00000054        0xc e:/softwares/eclipse/new folder/bin/../lib/gcc/avr/4.3.2/../../../../avr/lib/avr5/crtm32.o
 *(.init2)
 *(.init3)
 *(.init3)
 *(.init4)
 .init4         0x00000060       0x16 e:/softwares/eclipse/new folder/bin/../lib/gcc/avr/4.3.2/avr5\libgcc.a(_copy_data.o)
                0x00000060                __do_copy_data
 .init4         0x00000076       0x10 e:/softwares/eclipse/new folder/bin/../lib/gcc/avr/4.3.2/avr5\libgcc.a(_clear_bss.o)
                0x00000076                __do_clear_bss
 *(.init4)
 *(.init5)
 *(.init5)
 *(.init6)
 *(.init6)
 *(.init7)
 *(.init7)
 *(.init8)
 *(.init8)
 *(.init9)
 .init9         0x00000086        0x8 e:/softwares/eclipse/new folder/bin/../lib/gcc/avr/4.3.2/../../../../avr/lib/avr5/crtm32.o
 *(.init9)
 *(.text)
 .text          0x0000008e        0x4 e:/softwares/eclipse/new folder/bin/../lib/gcc/avr/4.3.2/../../../../avr/lib/avr5/crtm32.o
                0x0000008e                __vector_12
                0x0000008e                __bad_interrupt
                0x0000008e                __vector_6
                0x0000008e                __vector_3
                0x0000008e                __vector_13
                0x0000008e                __vector_17
                0x0000008e                __vector_19
                0x0000008e                __vector_7
                0x0000008e                __vector_5
                0x0000008e                __vector_4
                0x0000008e                __vector_9
                0x0000008e                __vector_2
                0x0000008e                __vector_15
                0x0000008e                __vector_8
                0x0000008e                __vector_14
                0x0000008e                __vector_10
                0x0000008e                __vector_16
                0x0000008e                __vector_18
                0x0000008e                __vector_20
 .text          0x00000092        0x0 ./MCAL/timer/timer.o
 .text          0x00000092        0x0 ./MCAL/Dio/Dio.o
 .text          0x00000092        0x0 ./MCAL/Dio/Dio_config.o
 .text          0x00000092        0x0 ./HAL/ultrasonic/ultrasonic.o
 .text          0x00000092        0x0 ./HAL/SERVO/SERVO.o
 .text          0x00000092        0x0 ./HAL/LCD/LCD.o
 .text          0x00000092        0x0 ./HAL/DC/DC.o
 .text          0x00000092        0x0 ./main.o
 .text          0x00000092        0x0 e:/softwares/eclipse/new folder/bin/../lib/gcc/avr/4.3.2/avr5\libgcc.a(_udivmodsi4.o)
 .text          0x00000092        0x0 e:/softwares/eclipse/new folder/bin/../lib/gcc/avr/4.3.2/avr5\libgcc.a(_exit.o)
 .text          0x00000092        0x0 e:/softwares/eclipse/new folder/bin/../lib/gcc/avr/4.3.2/avr5\libgcc.a(_copy_data.o)
 .text          0x00000092        0x0 e:/softwares/eclipse/new folder/bin/../lib/gcc/avr/4.3.2/avr5\libgcc.a(_clear_bss.o)
 .text          0x00000092       0x58 e:/softwares/eclipse/new folder/bin/../lib/gcc/avr/4.3.2/avr5\libgcc.a(_fixunssfsi.o)
                0x00000092                __fixunssfsi
 .text          0x000000ea      0x354 e:/softwares/eclipse/new folder/bin/../lib/gcc/avr/4.3.2/avr5\libgcc.a(_addsub_sf.o)
                0x00000382                __subsf3
                0x000003e4                __addsf3
 .text          0x0000043e      0x1f4 e:/softwares/eclipse/new folder/bin/../lib/gcc/avr/4.3.2/avr5\libgcc.a(_mul_sf.o)
                0x0000043e                __mulsf3
 .text          0x00000632      0x158 e:/softwares/eclipse/new folder/bin/../lib/gcc/avr/4.3.2/avr5\libgcc.a(_div_sf.o)
                0x00000632                __divsf3
 .text          0x0000078a       0x60 e:/softwares/eclipse/new folder/bin/../lib/gcc/avr/4.3.2/avr5\libgcc.a(_gt_sf.o)
                0x0000078a                __gtsf2
 .text          0x000007ea       0x60 e:/softwares/eclipse/new folder/bin/../lib/gcc/avr/4.3.2/avr5\libgcc.a(_ge_sf.o)
                0x000007ea                __gesf2
 .text          0x0000084a       0x60 e:/softwares/eclipse/new folder/bin/../lib/gcc/avr/4.3.2/avr5\libgcc.a(_lt_sf.o)
                0x0000084a                __ltsf2
 .text          0x000008aa       0xbc e:/softwares/eclipse/new folder/bin/../lib/gcc/avr/4.3.2/avr5\libgcc.a(_si_to_sf.o)
                0x000008aa                __floatsisf
 .text          0x00000966       0xa8 e:/softwares/eclipse/new folder/bin/../lib/gcc/avr/4.3.2/avr5\libgcc.a(_sf_to_si.o)
                0x00000966                __fixsfsi
 .text          0x00000a0e        0x0 e:/softwares/eclipse/new folder/bin/../lib/gcc/avr/4.3.2/avr5\libgcc.a(_thenan_sf.o)
 .text          0x00000a0e        0x0 e:/softwares/eclipse/new folder/bin/../lib/gcc/avr/4.3.2/avr5\libgcc.a(_prologue.o)
 .text          0x00000a0e        0x0 e:/softwares/eclipse/new folder/bin/../lib/gcc/avr/4.3.2/avr5\libgcc.a(_epilogue.o)
 .text          0x00000a0e       0x9e e:/softwares/eclipse/new folder/bin/../lib/gcc/avr/4.3.2/avr5\libgcc.a(_clzsi2.o)
                0x00000a0e                __clzsi2
 .text          0x00000aac      0x1aa e:/softwares/eclipse/new folder/bin/../lib/gcc/avr/4.3.2/avr5\libgcc.a(_pack_sf.o)
                0x00000aac                __pack_f
 .text          0x00000c56       0xf0 e:/softwares/eclipse/new folder/bin/../lib/gcc/avr/4.3.2/avr5\libgcc.a(_unpack_sf.o)
                0x00000c56                __unpack_f
 .text          0x00000d46       0xb2 e:/softwares/eclipse/new folder/bin/../lib/gcc/avr/4.3.2/avr5\libgcc.a(_fpcmp_parts_sf.o)
                0x00000d46                __fpcmp_parts_f
 .text          0x00000df8        0x0 e:/softwares/eclipse/new folder/bin/../lib/gcc/avr/4.3.2/avr5\libgcc.a(_clz.o)
 .text          0x00000df8       0x12 e:/softwares/eclipse/new folder/bin/../lib/gcc/avr/4.3.2/../../../../avr/lib/avr5\libc.a(memcpy.o)
                0x00000df8                memcpy
 .text          0x00000e0a       0x12 e:/softwares/eclipse/new folder/bin/../lib/gcc/avr/4.3.2/../../../../avr/lib/avr5\libc.a(strlen.o)
                0x00000e0a                strlen
 .text          0x00000e1c       0x42 e:/softwares/eclipse/new folder/bin/../lib/gcc/avr/4.3.2/../../../../avr/lib/avr5\libc.a(itoa.o)
                0x00000e1c                itoa
 .text          0x00000e5e       0x20 e:/softwares/eclipse/new folder/bin/../lib/gcc/avr/4.3.2/../../../../avr/lib/avr5\libc.a(strrev.o)
                0x00000e5e                strrev
 .text          0x00000e7e        0x0 e:/softwares/eclipse/new folder/bin/../lib/gcc/avr/4.3.2/avr5\libgcc.a(_udivmodhi4.o)
                0x00000e7e                . = ALIGN (0x2)
 *(.text.*)
 .text.timer0_init
                0x00000e7e       0x30 ./MCAL/timer/timer.o
                0x00000e7e                timer0_init
 .text.Dio_init
                0x00000eae      0x2e0 ./MCAL/Dio/Dio.o
                0x00000eae                Dio_init
 .text.Dio_write
                0x0000118e      0x1d6 ./MCAL/Dio/Dio.o
                0x0000118e                Dio_write
 .text.Dio_read
                0x00001364      0x10a ./MCAL/Dio/Dio.o
                0x00001364                Dio_read
 .text.ultrasonic_init
                0x0000146e       0x40 ./HAL/ultrasonic/ultrasonic.o
                0x0000146e                ultrasonic_init
 .text.enable_ex_interrupt
                0x000014ae       0x2a ./HAL/ultrasonic/ultrasonic.o
                0x000014ae                enable_ex_interrupt
 .text.ultra_triger
                0x000014d8      0x1ce ./HAL/ultrasonic/ultrasonic.o
                0x000014d8                ultra_triger
 .text.__vector_1
                0x000016a6      0x20e ./HAL/ultrasonic/ultrasonic.o
                0x000016a6                __vector_1
 .text.__vector_11
                0x000018b4       0xa0 ./HAL/ultrasonic/ultrasonic.o
                0x000018b4                __vector_11
 .text.tim1_pwm
                0x00001954       0x36 ./HAL/SERVO/SERVO.o
                0x00001954                tim1_pwm
 .text.servo_write
                0x0000198a       0x74 ./HAL/SERVO/SERVO.o
                0x0000198a                servo_write
 .text.lcd_init
                0x000019fe      0x402 ./HAL/LCD/LCD.o
                0x000019fe                lcd_init
 .text.lcd_send_command
                0x00001e00      0x420 ./HAL/LCD/LCD.o
                0x00001e00                lcd_send_command
 .text.lcd_write_word
                0x00002220       0x56 ./HAL/LCD/LCD.o
                0x00002220                lcd_write_word
 .text.lcd_write_character
                0x00002276      0x420 ./HAL/LCD/LCD.o
                0x00002276                lcd_write_character
 .text.lcd_clear
                0x00002696      0x110 ./HAL/LCD/LCD.o
                0x00002696                lcd_clear
 .text.lcd_goto_xy
                0x000027a6      0x1ca ./HAL/LCD/LCD.o
                0x000027a6                lcd_goto_xy
 .text.forward  0x00002970       0x2e ./HAL/DC/DC.o
                0x00002970                forward
 .text.backward
                0x0000299e       0x2e ./HAL/DC/DC.o
                0x0000299e                backward
 .text.left     0x000029cc       0x2e ./HAL/DC/DC.o
                0x000029cc                left
 .text.right    0x000029fa       0x2e ./HAL/DC/DC.o
                0x000029fa                right
 .text.stop     0x00002a28       0x2e ./HAL/DC/DC.o
                0x00002a28                stop
 .text.main     0x00002a56     0x154c ./main.o
                0x00002a56                main
 .text.libgcc   0x00003fa2       0x44 e:/softwares/eclipse/new folder/bin/../lib/gcc/avr/4.3.2/avr5\libgcc.a(_udivmodsi4.o)
                0x00003fa2                __udivmodsi4
 .text.libgcc   0x00003fe6        0x0 e:/softwares/eclipse/new folder/bin/../lib/gcc/avr/4.3.2/avr5\libgcc.a(_exit.o)
 .text.libgcc   0x00003fe6        0x0 e:/softwares/eclipse/new folder/bin/../lib/gcc/avr/4.3.2/avr5\libgcc.a(_copy_data.o)
 .text.libgcc   0x00003fe6        0x0 e:/softwares/eclipse/new folder/bin/../lib/gcc/avr/4.3.2/avr5\libgcc.a(_clear_bss.o)
 .text.libgcc   0x00003fe6       0x38 e:/softwares/eclipse/new folder/bin/../lib/gcc/avr/4.3.2/avr5\libgcc.a(_prologue.o)
                0x00003fe6                __prologue_saves__
 .text.libgcc   0x0000401e       0x36 e:/softwares/eclipse/new folder/bin/../lib/gcc/avr/4.3.2/avr5\libgcc.a(_epilogue.o)
                0x0000401e                __epilogue_restores__
 .text.libgcc   0x00004054       0x28 e:/softwares/eclipse/new folder/bin/../lib/gcc/avr/4.3.2/avr5\libgcc.a(_udivmodhi4.o)
                0x00004054                __udivmodhi4
                0x0000407c                . = ALIGN (0x2)
 *(.fini9)
 .fini9         0x0000407c        0x0 e:/softwares/eclipse/new folder/bin/../lib/gcc/avr/4.3.2/avr5\libgcc.a(_exit.o)
                0x0000407c                exit
                0x0000407c                _exit
 *(.fini9)
 *(.fini8)
 *(.fini8)
 *(.fini7)
 *(.fini7)
 *(.fini6)
 *(.fini6)
 *(.fini5)
 *(.fini5)
 *(.fini4)
 *(.fini4)
 *(.fini3)
 *(.fini3)
 *(.fini2)
 *(.fini2)
 *(.fini1)
 *(.fini1)
 *(.fini0)
 .fini0         0x0000407c        0x4 e:/softwares/eclipse/new folder/bin/../lib/gcc/avr/4.3.2/avr5\libgcc.a(_exit.o)
 *(.fini0)
                0x00004080                _etext = .

.data           0x00800060      0x18c load address 0x00004080
                0x00800060                PROVIDE (__data_start, .)
 *(.data)
 .data          0x00800060        0x0 e:/softwares/eclipse/new folder/bin/../lib/gcc/avr/4.3.2/../../../../avr/lib/avr5/crtm32.o
 .data          0x00800060        0x0 ./MCAL/timer/timer.o
 .data          0x00800060        0x0 ./MCAL/Dio/Dio.o
 .data          0x00800060        0x0 ./MCAL/Dio/Dio_config.o
 .data          0x00800060        0x5 ./HAL/ultrasonic/ultrasonic.o
 .data          0x00800065        0x0 ./HAL/SERVO/SERVO.o
 .data          0x00800065        0x0 ./HAL/LCD/LCD.o
 .data          0x00800065        0x0 ./HAL/DC/DC.o
 .data          0x00800065       0x27 ./main.o
 .data          0x0080008c        0x0 e:/softwares/eclipse/new folder/bin/../lib/gcc/avr/4.3.2/avr5\libgcc.a(_udivmodsi4.o)
 .data          0x0080008c        0x0 e:/softwares/eclipse/new folder/bin/../lib/gcc/avr/4.3.2/avr5\libgcc.a(_exit.o)
 .data          0x0080008c        0x0 e:/softwares/eclipse/new folder/bin/../lib/gcc/avr/4.3.2/avr5\libgcc.a(_copy_data.o)
 .data          0x0080008c        0x0 e:/softwares/eclipse/new folder/bin/../lib/gcc/avr/4.3.2/avr5\libgcc.a(_clear_bss.o)
 .data          0x0080008c        0x0 e:/softwares/eclipse/new folder/bin/../lib/gcc/avr/4.3.2/avr5\libgcc.a(_fixunssfsi.o)
 .data          0x0080008c        0x0 e:/softwares/eclipse/new folder/bin/../lib/gcc/avr/4.3.2/avr5\libgcc.a(_addsub_sf.o)
 .data          0x0080008c        0x0 e:/softwares/eclipse/new folder/bin/../lib/gcc/avr/4.3.2/avr5\libgcc.a(_mul_sf.o)
 .data          0x0080008c        0x0 e:/softwares/eclipse/new folder/bin/../lib/gcc/avr/4.3.2/avr5\libgcc.a(_div_sf.o)
 .data          0x0080008c        0x0 e:/softwares/eclipse/new folder/bin/../lib/gcc/avr/4.3.2/avr5\libgcc.a(_gt_sf.o)
 .data          0x0080008c        0x0 e:/softwares/eclipse/new folder/bin/../lib/gcc/avr/4.3.2/avr5\libgcc.a(_ge_sf.o)
 .data          0x0080008c        0x0 e:/softwares/eclipse/new folder/bin/../lib/gcc/avr/4.3.2/avr5\libgcc.a(_lt_sf.o)
 .data          0x0080008c        0x0 e:/softwares/eclipse/new folder/bin/../lib/gcc/avr/4.3.2/avr5\libgcc.a(_si_to_sf.o)
 .data          0x0080008c        0x0 e:/softwares/eclipse/new folder/bin/../lib/gcc/avr/4.3.2/avr5\libgcc.a(_sf_to_si.o)
 .data          0x0080008c        0x8 e:/softwares/eclipse/new folder/bin/../lib/gcc/avr/4.3.2/avr5\libgcc.a(_thenan_sf.o)
                0x0080008c                __thenan_sf
 .data          0x00800094        0x0 e:/softwares/eclipse/new folder/bin/../lib/gcc/avr/4.3.2/avr5\libgcc.a(_prologue.o)
 .data          0x00800094        0x0 e:/softwares/eclipse/new folder/bin/../lib/gcc/avr/4.3.2/avr5\libgcc.a(_epilogue.o)
 .data          0x00800094        0x0 e:/softwares/eclipse/new folder/bin/../lib/gcc/avr/4.3.2/avr5\libgcc.a(_clzsi2.o)
 .data          0x00800094        0x0 e:/softwares/eclipse/new folder/bin/../lib/gcc/avr/4.3.2/avr5\libgcc.a(_pack_sf.o)
 .data          0x00800094        0x0 e:/softwares/eclipse/new folder/bin/../lib/gcc/avr/4.3.2/avr5\libgcc.a(_unpack_sf.o)
 .data          0x00800094        0x0 e:/softwares/eclipse/new folder/bin/../lib/gcc/avr/4.3.2/avr5\libgcc.a(_fpcmp_parts_sf.o)
 .data          0x00800094      0x100 e:/softwares/eclipse/new folder/bin/../lib/gcc/avr/4.3.2/avr5\libgcc.a(_clz.o)
                0x00800094                __clz_tab
 .data          0x00800194        0x0 e:/softwares/eclipse/new folder/bin/../lib/gcc/avr/4.3.2/../../../../avr/lib/avr5\libc.a(memcpy.o)
 .data          0x00800194        0x0 e:/softwares/eclipse/new folder/bin/../lib/gcc/avr/4.3.2/../../../../avr/lib/avr5\libc.a(strlen.o)
 .data          0x00800194        0x0 e:/softwares/eclipse/new folder/bin/../lib/gcc/avr/4.3.2/../../../../avr/lib/avr5\libc.a(itoa.o)
 .data          0x00800194        0x0 e:/softwares/eclipse/new folder/bin/../lib/gcc/avr/4.3.2/../../../../avr/lib/avr5\libc.a(strrev.o)
 .data          0x00800194        0x0 e:/softwares/eclipse/new folder/bin/../lib/gcc/avr/4.3.2/avr5\libgcc.a(_udivmodhi4.o)
 *(.data*)
 .data.pin_config
                0x00800194       0x57 ./MCAL/Dio/Dio_config.o
                0x00800194                pin_config
 *(.rodata)
 *(.rodata*)
 *(.gnu.linkonce.d*)
                0x008001ec                . = ALIGN (0x2)
 *fill*         0x008001eb        0x1 00
                0x008001ec                _edata = .
                0x008001ec                PROVIDE (__data_end, .)

.bss            0x008001ec       0x12
                0x008001ec                PROVIDE (__bss_start, .)
 *(.bss)
 .bss           0x008001ec        0x0 e:/softwares/eclipse/new folder/bin/../lib/gcc/avr/4.3.2/../../../../avr/lib/avr5/crtm32.o
 .bss           0x008001ec        0x0 ./MCAL/timer/timer.o
 .bss           0x008001ec        0x0 ./MCAL/Dio/Dio.o
 .bss           0x008001ec        0x0 ./MCAL/Dio/Dio_config.o
 .bss           0x008001ec        0x0 ./HAL/ultrasonic/ultrasonic.o
 .bss           0x008001ec        0x0 ./HAL/SERVO/SERVO.o
 .bss           0x008001ec        0x0 ./HAL/LCD/LCD.o
 .bss           0x008001ec        0x0 ./HAL/DC/DC.o
 .bss           0x008001ec        0x0 ./main.o
 .bss           0x008001ec        0x0 e:/softwares/eclipse/new folder/bin/../lib/gcc/avr/4.3.2/avr5\libgcc.a(_udivmodsi4.o)
 .bss           0x008001ec        0x0 e:/softwares/eclipse/new folder/bin/../lib/gcc/avr/4.3.2/avr5\libgcc.a(_exit.o)
 .bss           0x008001ec        0x0 e:/softwares/eclipse/new folder/bin/../lib/gcc/avr/4.3.2/avr5\libgcc.a(_copy_data.o)
 .bss           0x008001ec        0x0 e:/softwares/eclipse/new folder/bin/../lib/gcc/avr/4.3.2/avr5\libgcc.a(_clear_bss.o)
 .bss           0x008001ec        0x0 e:/softwares/eclipse/new folder/bin/../lib/gcc/avr/4.3.2/avr5\libgcc.a(_fixunssfsi.o)
 .bss           0x008001ec        0x0 e:/softwares/eclipse/new folder/bin/../lib/gcc/avr/4.3.2/avr5\libgcc.a(_addsub_sf.o)
 .bss           0x008001ec        0x0 e:/softwares/eclipse/new folder/bin/../lib/gcc/avr/4.3.2/avr5\libgcc.a(_mul_sf.o)
 .bss           0x008001ec        0x0 e:/softwares/eclipse/new folder/bin/../lib/gcc/avr/4.3.2/avr5\libgcc.a(_div_sf.o)
 .bss           0x008001ec        0x0 e:/softwares/eclipse/new folder/bin/../lib/gcc/avr/4.3.2/avr5\libgcc.a(_gt_sf.o)
 .bss           0x008001ec        0x0 e:/softwares/eclipse/new folder/bin/../lib/gcc/avr/4.3.2/avr5\libgcc.a(_ge_sf.o)
 .bss           0x008001ec        0x0 e:/softwares/eclipse/new folder/bin/../lib/gcc/avr/4.3.2/avr5\libgcc.a(_lt_sf.o)
 .bss           0x008001ec        0x0 e:/softwares/eclipse/new folder/bin/../lib/gcc/avr/4.3.2/avr5\libgcc.a(_si_to_sf.o)
 .bss           0x008001ec        0x0 e:/softwares/eclipse/new folder/bin/../lib/gcc/avr/4.3.2/avr5\libgcc.a(_sf_to_si.o)
 .bss           0x008001ec        0x0 e:/softwares/eclipse/new folder/bin/../lib/gcc/avr/4.3.2/avr5\libgcc.a(_thenan_sf.o)
 .bss           0x008001ec        0x0 e:/softwares/eclipse/new folder/bin/../lib/gcc/avr/4.3.2/avr5\libgcc.a(_prologue.o)
 .bss           0x008001ec        0x0 e:/softwares/eclipse/new folder/bin/../lib/gcc/avr/4.3.2/avr5\libgcc.a(_epilogue.o)
 .bss           0x008001ec        0x0 e:/softwares/eclipse/new folder/bin/../lib/gcc/avr/4.3.2/avr5\libgcc.a(_clzsi2.o)
 .bss           0x008001ec        0x0 e:/softwares/eclipse/new folder/bin/../lib/gcc/avr/4.3.2/avr5\libgcc.a(_pack_sf.o)
 .bss           0x008001ec        0x0 e:/softwares/eclipse/new folder/bin/../lib/gcc/avr/4.3.2/avr5\libgcc.a(_unpack_sf.o)
 .bss           0x008001ec        0x0 e:/softwares/eclipse/new folder/bin/../lib/gcc/avr/4.3.2/avr5\libgcc.a(_fpcmp_parts_sf.o)
 .bss           0x008001ec        0x0 e:/softwares/eclipse/new folder/bin/../lib/gcc/avr/4.3.2/avr5\libgcc.a(_clz.o)
 .bss           0x008001ec        0x0 e:/softwares/eclipse/new folder/bin/../lib/gcc/avr/4.3.2/../../../../avr/lib/avr5\libc.a(memcpy.o)
 .bss           0x008001ec        0x0 e:/softwares/eclipse/new folder/bin/../lib/gcc/avr/4.3.2/../../../../avr/lib/avr5\libc.a(strlen.o)
 .bss           0x008001ec        0x0 e:/softwares/eclipse/new folder/bin/../lib/gcc/avr/4.3.2/../../../../avr/lib/avr5\libc.a(itoa.o)
 .bss           0x008001ec        0x0 e:/softwares/eclipse/new folder/bin/../lib/gcc/avr/4.3.2/../../../../avr/lib/avr5\libc.a(strrev.o)
 .bss           0x008001ec        0x0 e:/softwares/eclipse/new folder/bin/../lib/gcc/avr/4.3.2/avr5\libgcc.a(_udivmodhi4.o)
 *(.bss*)
 .bss.sensor_working
                0x008001ec        0x1 ./HAL/ultrasonic/ultrasonic.o
                0x008001ec                sensor_working
 .bss.rising_edge
                0x008001ed        0x1 ./HAL/ultrasonic/ultrasonic.o
                0x008001ed                rising_edge
 .bss.timer_counter
                0x008001ee        0x4 ./HAL/ultrasonic/ultrasonic.o
                0x008001ee                timer_counter
 *(COMMON)
 COMMON         0x008001f2        0xc ./HAL/ultrasonic/ultrasonic.o
                0x008001f2                distance
                0x008001f4                distance_str
                0x008001fe                PROVIDE (__bss_end, .)
                0x00004080                __data_load_start = LOADADDR (.data)
                0x0000420c                __data_load_end = (__data_load_start + SIZEOF (.data))

.noinit         0x008001fe        0x0
                0x008001fe                PROVIDE (__noinit_start, .)
 *(.noinit*)
                0x008001fe                PROVIDE (__noinit_end, .)
                0x008001fe                _end = .
                0x008001fe                PROVIDE (__heap_start, .)

.eeprom         0x00810000        0x0
 *(.eeprom*)
                0x00810000                __eeprom_end = .

.fuse
 *(.fuse)
 *(.lfuse)
 *(.hfuse)
 *(.efuse)

.lock
 *(.lock*)

.signature
 *(.signature*)

.stab           0x00000000     0x3510
 *(.stab)
 .stab          0x00000000      0x354 ./MCAL/timer/timer.o
 .stab          0x00000354      0x54c ./MCAL/Dio/Dio.o
                                0x708 (size before relaxing)
 .stab          0x000008a0      0x150 ./MCAL/Dio/Dio_config.o
                                0x408 (size before relaxing)
 .stab          0x000009f0      0x72c ./HAL/ultrasonic/ultrasonic.o
                                0x8e8 (size before relaxing)
 .stab          0x0000111c      0x1b0 ./HAL/SERVO/SERVO.o
                                0x36c (size before relaxing)
 .stab          0x000012cc      0xf48 ./HAL/LCD/LCD.o
                               0x10f8 (size before relaxing)
 .stab          0x00002214      0x3fc ./HAL/DC/DC.o
                                0x5b8 (size before relaxing)
 .stab          0x00002610      0xf00 ./main.o
                               0x1230 (size before relaxing)

.stabstr        0x00000000     0x1dd2
 *(.stabstr)
 .stabstr       0x00000000     0x1dd2 ./MCAL/timer/timer.o

.stab.excl
 *(.stab.excl)

.stab.exclstr
 *(.stab.exclstr)

.stab.index
 *(.stab.index)

.stab.indexstr
 *(.stab.indexstr)

.comment
 *(.comment)

.debug
 *(.debug)

.line
 *(.line)

.debug_srcinfo
 *(.debug_srcinfo)

.debug_sfnames
 *(.debug_sfnames)

.debug_aranges
 *(.debug_aranges)

.debug_pubnames
 *(.debug_pubnames)

.debug_info
 *(.debug_info)
 *(.gnu.linkonce.wi.*)

.debug_abbrev
 *(.debug_abbrev)

.debug_line
 *(.debug_line)

.debug_frame
 *(.debug_frame)

.debug_str
 *(.debug_str)

.debug_loc
 *(.debug_loc)

.debug_macinfo
 *(.debug_macinfo)
OUTPUT(Grad_Project.elf elf32-avr)
LOAD linker stubs
